  ****    ****    ****    ****    
8 *TN* CN *FN* QN *KN* FN *CN* TN 
  ****    ****    ****    ****    
      ****    ****    ****    ****
7  PN *PN* PN *PN* PN *PN* PN *PN*
      ****    ****    ****    ****
  ****    ****    ****    ****    
6 ****    ****    ****    ****    
  ****    ****    ****    ****    
      ****    ****    ****    ****
5     ****    ****    ****    ****
      ****    ****    ****    ****
  ****    ****    ****    ****    
4 ****    ****    ****    ****    
  ****    ****    ****    ****    
      ****    ****    ****    ****
3     ****    ****    ****    ****
      ****    ****    ****    ****
  ****    ****    ****    ****    
2 *PB* PB *PB* PB *PB* PB *PB* PB 
  ****    ****    ****    ****    
      ****    ****    ****    ****
1  TB *CB* FB *QB* KB *FB* CB *TB*
      ****    ****    ****    ****
    A   B   C   D   E   F   G   H

Action (Joueur blanc) :   ****    ****    ****    ****    
8 *TN* CN *FN* QN *KN* FN *CN* TN 
  ****    ****    ****    ****    
      ****    ****    ****    ****
7  PN *PN* PN *PN* PN *PN* PN *PN*
      ****    ****    ****    ****
  ****    ****    ****    ****    
6 ****    ****    ****    ****    
  ****    ****    ****    ****    
      ****    ****    ****    ****
5     ****    ****    ****    ****
      ****    ****    ****    ****
  ****    ****    ++++    ****    
4 ****    ****    ++++    ****    
  ****    ****    ++++    ****    
      ****    ****++++****    ****
3     ****    ****++++****    ****
      ****    ****++++****    ****
  ****    ****    ****    ****    
2 *PB* PB *PB* PB *PB* PB *PB* PB 
  ****    ****    ****    ****    
      ****    ****    ****    ****
1  TB *CB* FB *QB* KB *FB* CB *TB*
      ****    ****    ****    ****
    A   B   C   D   E   F   G   H

Action (Joueur blanc) :   ****    ****    ****    ****    
8 *TN* CN *FN* QN *KN* FN *CN* TN 
  ****    ****    ****    ****    
      ****    ****    ****    ****
7  PN *PN* PN *PN* PN *PN* PN *PN*
      ****    ****    ****    ****
  ****    ****    ****    ****    
6 ****    ****    ****    ****    
  ****    ****    ****    ****    
      ****    ****    ****    ****
5     ****    ****    ****    ****
      ****    ****    ****    ****
  ****    ****    ****    ****    
4 ****    ****    *PB*    ****    
  ****    ****    ****    ****    
      ****    ****    ****    ****
3     ****    ****    ****    ****
      ****    ****    ****    ****
  ****    ****    ****    ****    
2 *PB* PB *PB* PB **** PB *PB* PB 
  ****    ****    ****    ****    
      ****    ****    ****    ****
1  TB *CB* FB *QB* KB *FB* CB *TB*
      ****    ****    ****    ****
    A   B   C   D   E   F   G   H

Action (Joueur noir) :   ****    ****    ****    ****    
8 *TN* CN *FN* QN *KN* FN *CN* TN 
  ****    ****    ****    ****    
      ****    ****    ****    ****
7  PN *PN* PN *PN* PN *PN* PN *PN*
      ****    ****    ****    ****
  ****    ****    ++++    ****    
6 ****    ****    ++++    ****    
  ****    ****    ++++    ****    
      ****    ****++++****    ****
5     ****    ****++++****    ****
      ****    ****++++****    ****
  ****    ****    ****    ****    
4 ****    ****    *PB*    ****    
  ****    ****    ****    ****    
      ****    ****    ****    ****
3     ****    ****    ****    ****
      ****    ****    ****    ****
  ****    ****    ****    ****    
2 *PB* PB *PB* PB **** PB *PB* PB 
  ****    ****    ****    ****    
      ****    ****    ****    ****
1  TB *CB* FB *QB* KB *FB* CB *TB*
      ****    ****    ****    ****
    A   B   C   D   E   F   G   H

Action (Joueur noir) :   ****    ****    ****    ****    
8 *TN* CN *FN* QN *KN* FN *CN* TN 
  ****    ****    ****    ****    
      ****    ****    ****    ****
7  PN *PN* PN *PN*    *PN* PN *PN*
      ****    ****    ****    ****
  ****    ****    ****    ****    
6 ****    ****    ****    ****    
  ****    ****    ****    ****    
      ****    ****    ****    ****
5     ****    **** PN ****    ****
      ****    ****    ****    ****
  ****    ****    ****    ****    
4 ****    ****    *PB*    ****    
  ****    ****    ****    ****    
      ****    ****    ****    ****
3     ****    ****    ****    ****
      ****    ****    ****    ****
  ****    ****    ****    ****    
2 *PB* PB *PB* PB **** PB *PB* PB 
  ****    ****    ****    ****    
      ****    ****    ****    ****
1  TB *CB* FB *QB* KB *FB* CB *TB*
      ****    ****    ****    ****
    A   B   C   D   E   F   G   H

Action (Joueur blanc) :   ****    ****    ****    ****    
8 *TN* CN *FN* QN *KN* FN *CN* TN 
  ****    ****    ****    ****    
      ****    ****    ****    ****
7  PN *PN* PN *PN*    *PN* PN *PN*
      ****    ****    ****    ****
  ****    ****    ****    ****    
6 ****    ****    ****    ****    
  ****    ****    ****    ****    
      ****    ****    ****    ****
5     ****    **** PN ****    ****
      ****    ****    ****    ****
  ++++    ****    ****    ****    
4 ++++    ****    *PB*    ****    
  ++++    ****    ****    ****    
  ++++****    ****    ****    ****
3 ++++****    ****    ****    ****
  ++++****    ****    ****    ****
  ****    ****    ****    ****    
2 *PB* PB *PB* PB **** PB *PB* PB 
  ****    ****    ****    ****    
      ****    ****    ****    ****
1  TB *CB* FB *QB* KB *FB* CB *TB*
      ****    ****    ****    ****
    A   B   C   D   E   F   G   H

Action (Joueur blanc) :   ****    ****    ****    ****    
8 *TN* CN *FN* QN *KN* FN *CN* TN 
  ****    ****    ****    ****    
      ****    ****    ****    ****
7  PN *PN* PN *PN*    *PN* PN *PN*
      ****    ****    ****    ****
  ****    ****    ****    ****    
6 ****    ****    ****    ****    
  ****    ****    ****    ****    
      ****    ****    ****    ****
5     ****    **** PN ****    ****
      ****    ****    ****    ****
  ****    ****    ****    ****    
4 *PB*    ****    *PB*    ****    
  ****    ****    ****    ****    
      ****    ****    ****    ****
3     ****    ****    ****    ****
      ****    ****    ****    ****
  ****    ****    ****    ****    
2 **** PB *PB* PB **** PB *PB* PB 
  ****    ****    ****    ****    
      ****    ****    ****    ****
1  TB *CB* FB *QB* KB *FB* CB *TB*
      ****    ****    ****    ****
    A   B   C   D   E   F   G   H

Action (Joueur noir) :   ****    ****    ****    ****    
8 *TN* CN *FN* QN *KN* FN *CN* TN 
  ****    ****    ****    ****    
      ****    ****    ****    ****
7  PN *PN* PN *PN*    *PN* PN *PN*
      ****    ****    ****    ****
  ++++    ****    ****    ****    
6 ++++    ****    ****    ****    
  ++++    ****    ****    ****    
  ++++****    ****    ****    ****
5 ++++****    **** PN ****    ****
  ++++****    ****    ****    ****
  ****    ****    ****    ****    
4 *PB*    ****    *PB*    ****    
  ****    ****    ****    ****    
      ****    ****    ****    ****
3     ****    ****    ****    ****
      ****    ****    ****    ****
  ****    ****    ****    ****    
2 **** PB *PB* PB **** PB *PB* PB 
  ****    ****    ****    ****    
      ****    ****    ****    ****
1  TB *CB* FB *QB* KB *FB* CB *TB*
      ****    ****    ****    ****
    A   B   C   D   E   F   G   H

Action (Joueur noir) :   ****    ****    ****    ****    
8 *TN* CN *FN* QN *KN* FN *CN* TN 
  ****    ****    ****    ****    
      ****    ****    ****    ****
7     *PN* PN *PN*    *PN* PN *PN*
      ****    ****    ****    ****
  ****    ****    ****    ****    
6 ****    ****    ****    ****    
  ****    ****    ****    ****    
      ****    ****    ****    ****
5  PN ****    **** PN ****    ****
      ****    ****    ****    ****
  ****    ****    ****    ****    
4 *PB*    ****    *PB*    ****    
  ****    ****    ****    ****    
      ****    ****    ****    ****
3     ****    ****    ****    ****
      ****    ****    ****    ****
  ****    ****    ****    ****    
2 **** PB *PB* PB **** PB *PB* PB 
  ****    ****    ****    ****    
      ****    ****    ****    ****
1  TB *CB* FB *QB* KB *FB* CB *TB*
      ****    ****    ****    ****
    A   B   C   D   E   F   G   H

Action (Joueur blanc) :   ****    ****    ****    ****    
8 *TN* CN *FN* QN *KN* FN *CN* TN 
  ****    ****    ****    ****    
      ****    ****    ****    ****
7     *PN* PN *PN*    *PN* PN *PN*
      ****    ****    ****    ****
  ****    ****    ****    ****    
6 ****    ****    ****    ****    
  ****    ****    ****    ****    
      ****    ****    ****    ++++
5  PN ****    **** PN ****    ++++
      ****    ****    ****    ++++
  ****    ****    ****    ++++    
4 *PB*    ****    *PB*    ++++    
  ****    ****    ****    ++++    
      ****    ****    ++++    ****
3     ****    ****    ++++    ****
      ****    ****    ++++    ****
  ****    ****    ++++    ****    
2 **** PB *PB* PB ++++ PB *PB* PB 
  ****    ****    ++++    ****    
      ****    ****    ****    ****
1  TB *CB* FB *QB* KB *FB* CB *TB*
      ****    ****    ****    ****
    A   B   C   D   E   F   G   H

Action (Joueur blanc) :   ****    ****    ****    ****    
8 *TN* CN *FN* QN *KN* FN *CN* TN 
  ****    ****    ****    ****    
      ****    ****    ****    ****
7     *PN* PN *PN*    *PN* PN *PN*
      ****    ****    ****    ****
  ****    ****    ****    ****    
6 ****    ****    ****    ****    
  ****    ****    ****    ****    
      ****    ****    ****    ****
5  PN ****    **** PN ****    *QB*
      ****    ****    ****    ****
  ****    ****    ****    ****    
4 *PB*    ****    *PB*    ****    
  ****    ****    ****    ****    
      ****    ****    ****    ****
3     ****    ****    ****    ****
      ****    ****    ****    ****
  ****    ****    ****    ****    
2 **** PB *PB* PB **** PB *PB* PB 
  ****    ****    ****    ****    
      ****    ****    ****    ****
1  TB *CB* FB **** KB *FB* CB *TB*
      ****    ****    ****    ****
    A   B   C   D   E   F   G   H

Action (Joueur noir) :   ****    ****    ****    ****    
8 *TN* CN *FN* QN *KN* FN *CN* TN 
  ****    ****    ****    ****    
      ****    ****++++****    ****
7     *PN* PN *PN*++++*PN* PN *PN*
      ****    ****++++****    ****
  ****    ****    ****++++****    
6 ****    ****    ****++++****    
  ****    ****    ****++++****    
      ****    ****    ****++++****
5  PN ****    **** PN ****++++*QB*
      ****    ****    ****++++****
  ****    ****    ****    ****++++
4 *PB*    ****    *PB*    ****++++
  ****    ****    ****    ****++++
      ****    ****    ****    ****
3     ****    ****    ****    ****
      ****    ****    ****    ****
  ****    ****    ****    ****    
2 **** PB *PB* PB **** PB *PB* PB 
  ****    ****    ****    ****    
      ****    ****    ****    ****
1  TB *CB* FB **** KB *FB* CB *TB*
      ****    ****    ****    ****
    A   B   C   D   E   F   G   H

Action (Joueur noir) :   ****    ****    ****    ****    
8 *TN* CN *FN*    *KN* FN *CN* TN 
  ****    ****    ****    ****    
      ****    ****    ****    ****
7     *PN* PN *PN*    *PN* PN *PN*
      ****    ****    ****    ****
  ****    ****    ****    ****    
6 ****    ****    ****    ****    
  ****    ****    ****    ****    
      ****    ****    ****    ****
5  PN ****    **** PN ****    *QB*
      ****    ****    ****    ****
  ****    ****    ****    ****    
4 *PB*    ****    *PB*    **** QN 
  ****    ****    ****    ****    
      ****    ****    ****    ****
3     ****    ****    ****    ****
      ****    ****    ****    ****
  ****    ****    ****    ****    
2 **** PB *PB* PB **** PB *PB* PB 
  ****    ****    ****    ****    
      ****    ****    ****    ****
1  TB *CB* FB **** KB *FB* CB *TB*
      ****    ****    ****    ****
    A   B   C   D   E   F   G   H

Action (Joueur blanc) :   ****    ****    ****    ****    
8 *TN* CN *FN*    *KN* FN *CN* TN 
  ****    ****    ****    ****    
      ****    ****    ****    ****
7     *PN* PN *PN*    *PN* PN *PN*
      ****    ****    ****    ****
  ****    ****    ****    ****    
6 ****    ****    ****    ****    
  ****    ****    ****    ****    
      ****    ****    ****    ****
5  PN ****    **** PN ****    *QB*
      ****    ****    ****    ****
  ****    ****    ****++++****    
4 *PB*    ****    *PB*++++**** QN 
  ****    ****    ****++++****    
      ****    ****    ++++    ****
3     ****    ****    ++++    ****
      ****    ****    ++++    ****
  ****    ****    ****    ****    
2 **** PB *PB* PB **** PB *PB* PB 
  ****    ****    ****    ****    
      ****    ****    ****    ****
1  TB *CB* FB **** KB *FB* CB *TB*
      ****    ****    ****    ****
    A   B   C   D   E   F   G   H

Action (Joueur blanc) :   ****    ****    ****    ****    
8 *TN* CN *FN*    *KN* FN *CN* TN 
  ****    ****    ****    ****    
      ****    ****    ****    ****
7     *PN* PN *PN*    *PN* PN *PN*
      ****    ****    ****    ****
  ****    ****    ****    ****    
6 ****    ****    ****    ****    
  ****    ****    ****    ****    
      ****    ****    ****    ****
5  PN ****    **** PN ****    *QB*
      ****    ****    ****    ****
  ****    ****    ****    ****    
4 *PB*    ****    *PB*    **** QN 
  ****    ****    ****    ****    
      ****    ****    ****    ****
3     ****    ****    ****    ****
      ****    ****    ****    ****
  ****    ****    ****    ****    
2 **** PB *PB* PB **** PB *PB* PB 
  ****    ****    ****    ****    
      ****    ****    ****    ****
1  TB *CB* FB **** KB *FB* CB *TB*
      ****    ****    ****    ****
    A   B   C   D   E   F   G   H

Action (Joueur blanc) :   ****    ****    ****    ****    
8 *TN* CN *FN*    *KN* FN *CN* TN 
  ****    ****    ****    ****    
      ****    ****    ****    ****
7     *PN* PN *PN*    *PN* PN *PN*
      ****    ****    ****    ****
  ****    ****    ****    ****    
6 ****    ****    ****    ****    
  ****    ****    ****    ****    
      ****    ****    ****    ****
5  PN ****    **** PN ****    *QB*
      ****    ****    ****    ****
  ****    ****    ****    ****    
4 *PB*    ****    *PB*    **** QN 
  ****    ****    ****    ****    
      ****    ****    ****    ++++
3     ****    ****    ****    ++++
      ****    ****    ****    ++++
  ****    ****    ****    ****    
2 **** PB *PB* PB **** PB *PB* PB 
  ****    ****    ****    ****    
      ****    ****    ****    ****
1  TB *CB* FB **** KB *FB* CB *TB*
      ****    ****    ****    ****
    A   B   C   D   E   F   G   H

Action (Joueur blanc) :   ****    ****    ****    ****    
8 *TN* CN *FN*    *KN* FN *CN* TN 
  ****    ****    ****    ****    
      ****    ****    ****    ****
7     *PN* PN *PN*    *PN* PN *PN*
      ****    ****    ****    ****
  ****    ****    ****    ****    
6 ****    ****    ****    ****    
  ****    ****    ****    ****    
      ****    ****    ****    ****
5  PN ****    **** PN ****    *QB*
      ****    ****    ****    ****
  ****    ****    ****    ****    
4 *PB*    ****    *PB*    **** QN 
  ****    ****    ****    ****    
      ****    ****    ****    ****
3     ****    ****    ****    *PB*
      ****    ****    ****    ****
  ****    ****    ****    ****    
2 **** PB *PB* PB **** PB *PB*    
  ****    ****    ****    ****    
      ****    ****    ****    ****
1  TB *CB* FB **** KB *FB* CB *TB*
      ****    ****    ****    ****
    A   B   C   D   E   F   G   H

Action (Joueur noir) :   ****    ****    ****    ****    
8 *TN* CN *FN*    *KN* FN *CN* TN 
  ****    ****    ****    ****    
      ****    ****    ****    ****
7     *PN* PN *PN*    *PN* PN *PN*
      ****    ****    ****    ****
  ****    ****    ****++++****    
6 ****    ****    ****++++****    
  ****    ****    ****++++****    
      ****    ****    ++++    ****
5  PN ****    **** PN ++++    *QB*
      ****    ****    ++++    ****
  ****    ****    ****    ****    
4 *PB*    ****    *PB*    **** QN 
  ****    ****    ****    ****    
      ****    ****    ****    ****
3     ****    ****    ****    *PB*
      ****    ****    ****    ****
  ****    ****    ****    ****    
2 **** PB *PB* PB **** PB *PB*    
  ****    ****    ****    ****    
      ****    ****    ****    ****
1  TB *CB* FB **** KB *FB* CB *TB*
      ****    ****    ****    ****
    A   B   C   D   E   F   G   H

Action (Joueur noir) :   ****    ****    ****    ****    
8 *TN* CN *FN*    *KN* FN *CN* TN 
  ****    ****    ****    ****    
      ****    ****    ****    ****
7     *PN* PN *PN*    *PN* PN *PN*
      ****    ****    ****    ****
  ****    ****    ****    ****    
6 ****    ****    ****    ****    
  ****    ****    ****    ****    
      ****    ****    ****    ****
5  PN ****    **** PN ****    *QB*
      ****    ****    ****    ****
  ****    ****    ****    ****    
4 *PB*    ****    *PB*    **** QN 
  ****    ****    ****    ****    
      ****    ****    ****    ****
3     ****    ****    ****    *PB*
      ****    ****    ****    ****
  ****    ****    ****    ****    
2 **** PB *PB* PB **** PB *PB*    
  ****    ****    ****    ****    
      ****    ****    ****    ****
1  TB *CB* FB **** KB *FB* CB *TB*
      ****    ****    ****    ****
    A   B   C   D   E   F   G   H

Action (Joueur noir) :   ****    ****    ****    ****    
8 *TN* CN *FN*    *KN* FN *CN* TN 
  ****    ****    ****    ****    
      ****    ****    ****    ****
7     *PN* PN *PN*    *PN* PN *PN*
      ****    ****    ****    ****
  ****    ****    ****    ****++++
6 ****    ****    ****    ****++++
  ****    ****    ****    ****++++
      ****    ****    ****    ****
5  PN ****    **** PN ****    *QB*
      ****    ****    ****    ****
  ****    ****    ****    ****    
4 *PB*    ****    *PB*    **** QN 
  ****    ****    ****    ****    
      ****    ****    ****    ****
3     ****    ****    ****    *PB*
      ****    ****    ****    ****
  ****    ****    ****    ****    
2 **** PB *PB* PB **** PB *PB*    
  ****    ****    ****    ****    
      ****    ****    ****    ****
1  TB *CB* FB **** KB *FB* CB *TB*
      ****    ****    ****    ****
    A   B   C   D   E   F   G   H

Action (Joueur noir) :   ****    ****    ****    ****    
8 *TN* CN *FN*    *KN* FN *CN* TN 
  ****    ****    ****    ****    
      ****    ****    ****    ****
7     *PN* PN *PN*    *PN* PN ****
      ****    ****    ****    ****
  ****    ****    ****    ****    
6 ****    ****    ****    **** PN 
  ****    ****    ****    ****    
      ****    ****    ****    ****
5  PN ****    **** PN ****    *QB*
      ****    ****    ****    ****
  ****    ****    ****    ****    
4 *PB*    ****    *PB*    **** QN 
  ****    ****    ****    ****    
      ****    ****    ****    ****
3     ****    ****    ****    *PB*
      ****    ****    ****    ****
  ****    ****    ****    ****    
2 **** PB *PB* PB **** PB *PB*    
  ****    ****    ****    ****    
      ****    ****    ****    ****
1  TB *CB* FB **** KB *FB* CB *TB*
      ****    ****    ****    ****
    A   B   C   D   E   F   G   H

Action (Joueur blanc) :   ****    ****    ****    ****    
8 *TN* CN *FN*    *KN* FN *CN* TN 
  ****    ****    ****    ****    
      ****    ****    ****    ****
7     *PN* PN *PN*    *PN* PN ****
      ****    ****    ****    ****
  ++++    ****    ****    ****    
6 ++++    ****    ****    **** PN 
  ++++    ****    ****    ****    
      ++++    ****    ****    ****
5  PN ++++    **** PN ****    *QB*
      ++++    ****    ****    ****
  ****    ++++    ****    ****    
4 *PB*    ++++    *PB*    **** QN 
  ****    ++++    ****    ****    
      ****    ++++    ****    ****
3     ****    ++++    ****    *PB*
      ****    ++++    ****    ****
  ****    ****    ++++    ****    
2 **** PB *PB* PB ++++ PB *PB*    
  ****    ****    ++++    ****    
      ****    ****    ****    ****
1  TB *CB* FB **** KB *FB* CB *TB*
      ****    ****    ****    ****
    A   B   C   D   E   F   G   H

Action (Joueur blanc) :   ****    ****    ****    ****    
8 *TN* CN *FN*    *KN* FN *CN* TN 
  ****    ****    ****    ****    
      ****    ****    ****    ****
7     *PN* PN *PN*    *PN* PN ****
      ****    ****    ****    ****
  ****    ****    ****    ****    
6 ****    ****    ****    **** PN 
  ****    ****    ****    ****    
      ****    ****    ****    ****
5  PN *FB*    **** PN ****    *QB*
      ****    ****    ****    ****
  ****    ****    ****    ****    
4 *PB*    ****    *PB*    **** QN 
  ****    ****    ****    ****    
      ****    ****    ****    ****
3     ****    ****    ****    *PB*
      ****    ****    ****    ****
  ****    ****    ****    ****    
2 **** PB *PB* PB **** PB *PB*    
  ****    ****    ****    ****    
      ****    ****    ****    ****
1  TB *CB* FB **** KB **** CB *TB*
      ****    ****    ****    ****
    A   B   C   D   E   F   G   H

Action (Joueur noir) :   ****    ****    ****    ****    
8 *TN* CN *FN*    *KN* FN *CN* TN 
  ****    ****    ****    ****    
      ****    ****++++****    ****
7     *PN* PN *PN*++++*PN* PN ****
      ****    ****++++****    ****
  ****    ****++++****    ****    
6 ****    ****++++****    **** PN 
  ****    ****++++****    ****    
      ****++++****    ****    ****
5  PN *FB*++++**** PN ****    *QB*
      ****++++****    ****    ****
  ****++++****    ****    ****    
4 *PB*++++****    *PB*    **** QN 
  ****++++****    ****    ****    
  ++++****    ****    ****    ****
3 ++++****    ****    ****    *PB*
  ++++****    ****    ****    ****
  ****    ****    ****    ****    
2 **** PB *PB* PB **** PB *PB*    
  ****    ****    ****    ****    
      ****    ****    ****    ****
1  TB *CB* FB **** KB **** CB *TB*
      ****    ****    ****    ****
    A   B   C   D   E   F   G   H

Action (Joueur noir) :   ****    ****    ****    ****    
8 *TN* CN *FN*    *KN*    *CN* TN 
  ****    ****    ****    ****    
      ****    ****    ****    ****
7     *PN* PN *PN*    *PN* PN ****
      ****    ****    ****    ****
  ****    ****    ****    ****    
6 ****    ****    ****    **** PN 
  ****    ****    ****    ****    
      ****    ****    ****    ****
5  PN *FB* FN **** PN ****    *QB*
      ****    ****    ****    ****
  ****    ****    ****    ****    
4 *PB*    ****    *PB*    **** QN 
  ****    ****    ****    ****    
      ****    ****    ****    ****
3     ****    ****    ****    *PB*
      ****    ****    ****    ****
  ****    ****    ****    ****    
2 **** PB *PB* PB **** PB *PB*    
  ****    ****    ****    ****    
      ****    ****    ****    ****
1  TB *CB* FB **** KB **** CB *TB*
      ****    ****    ****    ****
    A   B   C   D   E   F   G   H

Action (Joueur blanc) :   ****    ****    ****    ****    
8 *TN* CN *FN*    *KN*    *CN* TN 
  ****    ****    ****    ****    
      ****    ****    ++++    ****
7     *PN* PN *PN*    +PN+ PN ****
      ****    ****    ++++    ****
  ****    ****    ****    ++++++++
6 ****    ****    ****    +++++PN+
  ****    ****    ****    ++++++++
      ****    ****++++++++++++****
5  PN *FB* FN ****+PN+++++++++*QB*
      ****    ****++++++++++++****
  ****    ****    ****    ++++++++
4 *PB*    ****    *PB*    +++++QN+
  ****    ****    ****    ++++++++
      ****    ****    ++++    ****
3     ****    ****    ++++    *PB*
      ****    ****    ++++    ****
  ****    ****    ++++    ****    
2 **** PB *PB* PB ++++ PB *PB*    
  ****    ****    ++++    ****    
      ****    ++++    ****    ****
1  TB *CB* FB ++++ KB **** CB *TB*
      ****    ++++    ****    ****
    A   B   C   D   E   F   G   H

Action (Joueur blanc) :   ****    ****    ****    ****    
8 *TN* CN *FN*    *KN*    *CN* TN 
  ****    ****    ****    ****    
      ****    ****    ****    ****
7     *PN* PN *PN*    *PN* PN ****
      ****    ****    ****    ****
  ****    ****    ****    ****    
6 ****    ****    ****    **** PN 
  ****    ****    ****    ****    
      ****    ****    ****    ****
5  PN *FB* FN **** PN *QB*    ****
      ****    ****    ****    ****
  ****    ****    ****    ****    
4 *PB*    ****    *PB*    **** QN 
  ****    ****    ****    ****    
      ****    ****    ****    ****
3     ****    ****    ****    *PB*
      ****    ****    ****    ****
  ****    ****    ****    ****    
2 **** PB *PB* PB **** PB *PB*    
  ****    ****    ****    ****    
      ****    ****    ****    ****
1  TB *CB* FB **** KB **** CB *TB*
      ****    ****    ****    ****
    A   B   C   D   E   F   G   H

Action (Joueur noir) :   ****    ****++++****    ****    
8 *TN* CN *FN*++++*KN*    *CN* TN 
  ****    ****++++****    ****    
      ****    ****++++****    ****
7     *PN* PN *PN*++++*PN* PN ****
      ****    ****++++****    ****
  ****    ****    ****++++****    
6 ****    ****    ****++++**** PN 
  ****    ****    ****++++****    
      ****    ****    ****++++++++
5  PN *FB* FN **** PN *QB*++++++++
      ****    ****    ****++++++++
  ****    ****    ++++++++++++    
4 *PB*    ****    +PB+++++++++ QN 
  ****    ****    ++++++++++++    
      ****    ****    ****++++++++
3     ****    ****    ****+++++PB+
      ****    ****    ****++++++++
  ****    ****    ****++++****    
2 **** PB *PB* PB ****+PB+*PB*    
  ****    ****    ****++++****    
      ****    ****    ****    ****
1  TB *CB* FB **** KB **** CB *TB*
      ****    ****    ****    ****
    A   B   C   D   E   F   G   H

Action (Joueur noir) : Echec !
  ****    ****    ****    ****    
8 *TN* CN *FN*    *KN*    *CN* TN 
  ****    ****    ****    ****    
      ****    ****    ****    ****
7     *PN* PN *PN*    *PN* PN ****
      ****    ****    ****    ****
  ****    ****    ****    ****    
6 ****    ****    ****    **** PN 
  ****    ****    ****    ****    
      ****    ****    ****    ****
5  PN *FB* FN **** PN *QB*    ****
      ****    ****    ****    ****
  ****    ****    ****    ****    
4 *PB*    ****    *PB*    ****    
  ****    ****    ****    ****    
      ****    ****    ****    ****
3     ****    ****    ****    *PB*
      ****    ****    ****    ****
  ****    ****    ****    ****    
2 **** PB *PB* PB **** QN *PB*    
  ****    ****    ****    ****    
      ****    ****    ****    ****
1  TB *CB* FB **** KB **** CB *TB*
      ****    ****    ****    ****
    A   B   C   D   E   F   G   H

Action (Joueur blanc) :   ****    ****    ****    ****    
8 *TN* CN *FN*    *KN*    *CN* TN 
  ****    ****    ****    ****    
      ****    ****    ****    ****
7     *PN* PN *PN*    *PN* PN ****
      ****    ****    ****    ****
  ****    ****    ****    ****    
6 ****    ****    ****    **** PN 
  ****    ****    ****    ****    
      ****    ****    ****    ****
5  PN *FB* FN **** PN *QB*    ****
      ****    ****    ****    ****
  ****    ****    ****    ****    
4 *PB*    ****    *PB*    ****    
  ****    ****    ****    ****    
      ****    ****    ****    ****
3     ****    ****    ****    *PB*
      ****    ****    ****    ****
  ****    ****    ****++++****    
2 **** PB *PB* PB ****+QN+*PB*    
  ****    ****    ****++++****    
      ****    ++++    ****    ****
1  TB *CB* FB ++++ KB **** CB *TB*
      ****    ++++    ****    ****
    A   B   C   D   E   F   G   H

Action (Joueur blanc) :   ****    ****    ****    ****    
8 *TN* CN *FN*    *KN*    *CN* TN 
  ****    ****    ****    ****    
      ****    ****    ****    ****
7     *PN* PN *PN*    *PN* PN ****
      ****    ****    ****    ****
  ****    ****    ****    ****    
6 ****    ****    ****    **** PN 
  ****    ****    ****    ****    
      ****    ****    ****    ****
5  PN *FB* FN **** PN *QB*    ****
      ****    ****    ****    ****
  ****    ****    ****    ****    
4 *PB*    ****    *PB*    ****    
  ****    ****    ****    ****    
      ****    ****    ****    ****
3     ****    ****    ****    *PB*
      ****    ****    ****    ****
  ****    ****    ****    ****    
2 **** PB *PB* PB **** QN *PB*    
  ****    ****    ****    ****    
      ****    ****    ****    ****
1  TB *CB* FB *KB*    **** CB *TB*
      ****    ****    ****    ****
    A   B   C   D   E   F   G   H

Action (Joueur noir) : +++++++++
(4, 6, 'P', -1)
(4, 4, ' ', 0)
+++++++++
(4, 1, 'P', 1)
(4, 3, ' ', 0)
+++++++++
(0, 6, 'P', -1)
(0, 4, ' ', 0)
+++++++++
(0, 1, 'P', 1)
(0, 3, ' ', 0)
+++++++++
(3, 7, 'Q', -1)
(7, 3, ' ', 0)
+++++++++
(3, 0, 'Q', 1)
(7, 4, ' ', 0)
+++++++++
(7, 6, 'P', -1)
(7, 5, ' ', 0)
+++++++++
(7, 1, 'P', 1)
(7, 2, ' ', 0)
+++++++++
(5, 7, 'F', -1)
(1, 3, ' ', 0)
+++++++++
(5, 0, 'F', 1)
(2, 3, ' ', 0)
+++++++++
(7, 3, 'Q', -1)
(5, 3, ' ', 0)
+++++++++
(7, 4, 'Q', 1)
(5, 6, 'P', -1)
+++++++++
(4, 7, 'K', -1)
(3, 7, ' ', 0)
e2-e4
e7-e5
a2-a4
a7-a5
d1-h5
d8-h4
h2-h3
h7-h6
f1-b5
f8-c5
h5-f5
h4-f2
e1-d1
  ****    ****    ****    ****    
8 *TN* CN *FN*    *KN*    *CN* TN 
  ****    ****    ****    ****    
      ****    ****    ****    ****
7     *PN* PN *PN*    *PN* PN ****
      ****    ****    ****    ****
  ****    ****    ****    ****    
6 ****    ****    ****    **** PN 
  ****    ****    ****    ****    
      ****    ****    ****    ****
5  PN *FB* FN **** PN *QB*    ****
      ****    ****    ****    ****
  ****    ****    ****    ****    
4 *PB*    ****    *PB*    ****    
  ****    ****    ****    ****    
      ****    ****    ****    ****
3     ****    ****    ****    *PB*
      ****    ****    ****    ****
  ****    ****    ****    ****    
2 **** PB *PB* PB **** QN *PB*    
  ****    ****    ****    ****    
      ****    ****    ****    ****
1  TB *CB* FB *KB*    **** CB *TB*
      ****    ****    ****    ****
    A   B   C   D   E   F   G   H

Action (Joueur noir) :   ****    ****    ****    ****    
8 *TN* CN *FN*    *KN*    *CN* TN 
  ****    ****    ****    ****    
      ****    ****    ****    ****
7     *PN* PN *PN*    *PN* PN ****
      ****    ****    ****    ****
  ****    ****    ****    ****    
6 ****    ****    ****    **** PN 
  ****    ****    ****    ****    
      ****    ****    ****    ****
5  PN *FB* FN **** PN *QB*    ****
      ****    ****    ****    ****
  ****    ****    ****    ****    
4 *PB*    ****    *PB*    ****    
  ****    ****    ****    ****    
      ****    ****    ****    ****
3     ****    ****    ****    *PB*
      ****    ****    ****    ****
  ****    ****    ****    ****    
2 **** PB *PB* PB **** QN *PB*    
  ****    ****    ****    ****    
      ****    ****    ****    ****
1  TB *CB* FB **** KB **** CB *TB*
      ****    ****    ****    ****
    A   B   C   D   E   F   G   H

Action (Joueur blanc) :   ****    ****    ****    ****    
8 *TN* CN *FN*    *KN*    *CN* TN 
  ****    ****    ****    ****    
      ****    ****    ****    ****
7     *PN* PN *PN*    *PN* PN ****
      ****    ****    ****    ****
  ****    ****    ****    ****    
6 ****    ****    ****    **** PN 
  ****    ****    ****    ****    
      ****    ****    ****    ****
5  PN *FB* FN **** PN *QB*    ****
      ****    ****    ****    ****
  ****    ****    ****    ****    
4 *PB*    ****    *PB*    **** QN 
  ****    ****    ****    ****    
      ****    ****    ****    ****
3     ****    ****    ****    *PB*
      ****    ****    ****    ****
  ****    ****    ****    ****    
2 **** PB *PB* PB **** PB *PB*    
  ****    ****    ****    ****    
      ****    ****    ****    ****
1  TB *CB* FB **** KB **** CB *TB*
      ****    ****    ****    ****
    A   B   C   D   E   F   G   H

Action (Joueur noir) :   ****    ****    ****    ****    
8 *TN* CN *FN*    *KN*    *CN* TN 
  ****    ****    ****    ****    
      ****    ****    ****    ****
7     *PN* PN *PN*    *PN* PN ****
      ****    ****    ****    ****
  ****    ****    ****    ****    
6 ****    ****    ****    **** PN 
  ****    ****    ****    ****    
      ****    ****    ****    ****
5  PN *FB* FN **** PN ****    *QB*
      ****    ****    ****    ****
  ****    ****    ****    ****    
4 *PB*    ****    *PB*    **** QN 
  ****    ****    ****    ****    
      ****    ****    ****    ****
3     ****    ****    ****    *PB*
      ****    ****    ****    ****
  ****    ****    ****    ****    
2 **** PB *PB* PB **** PB *PB*    
  ****    ****    ****    ****    
      ****    ****    ****    ****
1  TB *CB* FB **** KB **** CB *TB*
      ****    ****    ****    ****
    A   B   C   D   E   F   G   H

Action (Joueur blanc) :   ****    ****    ****    ****    
8 *TN* CN *FN*    *KN* FN *CN* TN 
  ****    ****    ****    ****    
      ****    ****    ****    ****
7     *PN* PN *PN*    *PN* PN ****
      ****    ****    ****    ****
  ****    ****    ****    ****    
6 ****    ****    ****    **** PN 
  ****    ****    ****    ****    
      ****    ****    ****    ****
5  PN *FB*    **** PN ****    *QB*
      ****    ****    ****    ****
  ****    ****    ****    ****    
4 *PB*    ****    *PB*    **** QN 
  ****    ****    ****    ****    
      ****    ****    ****    ****
3     ****    ****    ****    *PB*
      ****    ****    ****    ****
  ****    ****    ****    ****    
2 **** PB *PB* PB **** PB *PB*    
  ****    ****    ****    ****    
      ****    ****    ****    ****
1  TB *CB* FB **** KB **** CB *TB*
      ****    ****    ****    ****
    A   B   C   D   E   F   G   H

Action (Joueur noir) :   ****    ****    ****    ****    
8 *TN* CN *FN*    *KN* FN *CN* TN 
  ****    ****    ****    ****    
      ****    ****    ****    ****
7     *PN* PN *PN*    *PN* PN ****
      ****    ****    ****    ****
  ****    ****    ****    ****    
6 ****    ****    ****    **** PN 
  ****    ****    ****    ****    
      ****    ****    ****    ****
5  PN ****    **** PN ****    *QB*
      ****    ****    ****    ****
  ****    ****    ****    ****    
4 *PB*    ****    *PB*    **** QN 
  ****    ****    ****    ****    
      ****    ****    ****    ****
3     ****    ****    ****    *PB*
      ****    ****    ****    ****
  ****    ****    ****    ****    
2 **** PB *PB* PB **** PB *PB*    
  ****    ****    ****    ****    
      ****    ****    ****    ****
1  TB *CB* FB **** KB *FB* CB *TB*
      ****    ****    ****    ****
    A   B   C   D   E   F   G   H

Action (Joueur blanc) :   ****    ****    ****    ****    
8 *TN* CN *FN*    *KN* FN *CN* TN 
  ****    ****    ****    ****    
      ****    ****    ****    ****
7     *PN* PN *PN*    *PN* PN *PN*
      ****    ****    ****    ****
  ****    ****    ****    ****    
6 ****    ****    ****    ****    
  ****    ****    ****    ****    
      ****    ****    ****    ****
5  PN ****    **** PN ****    *QB*
      ****    ****    ****    ****
  ****    ****    ****    ****    
4 *PB*    ****    *PB*    **** QN 
  ****    ****    ****    ****    
      ****    ****    ****    ****
3     ****    ****    ****    *PB*
      ****    ****    ****    ****
  ****    ****    ****    ****    
2 **** PB *PB* PB **** PB *PB*    
  ****    ****    ****    ****    
      ****    ****    ****    ****
1  TB *CB* FB **** KB *FB* CB *TB*
      ****    ****    ****    ****
    A   B   C   D   E   F   G   H

Action (Joueur noir) :   ****    ****    ****    ****    
8 *TN* CN *FN*    *KN* FN *CN* TN 
  ****    ****    ****    ****    
      ****    ****    ****    ****
7     *PN* PN *PN*    *PN* PN *PN*
      ****    ****    ****    ****
  ****    ****    ****    ****    
6 ****    ****    ****    ****    
  ****    ****    ****    ****    
      ****    ****    ****    ****
5  PN ****    **** PN ****    *QB*
      ****    ****    ****    ****
  ****    ****    ****    ****    
4 *PB*    ****    *PB*    **** QN 
  ****    ****    ****    ****    
      ****    ****    ****    ****
3     ****    ****    ****    ****
      ****    ****    ****    ****
  ****    ****    ****    ****    
2 **** PB *PB* PB **** PB *PB* PB 
  ****    ****    ****    ****    
      ****    ****    ****    ****
1  TB *CB* FB **** KB *FB* CB *TB*
      ****    ****    ****    ****
    A   B   C   D   E   F   G   H

Action (Joueur blanc) :   ****    ****    ****    ****    
8 *TN* CN *FN* QN *KN* FN *CN* TN 
  ****    ****    ****    ****    
      ****    ****    ****    ****
7     *PN* PN *PN*    *PN* PN *PN*
      ****    ****    ****    ****
  ****    ****    ****    ****    
6 ****    ****    ****    ****    
  ****    ****    ****    ****    
      ****    ****    ****    ****
5  PN ****    **** PN ****    *QB*
      ****    ****    ****    ****
  ****    ****    ****    ****    
4 *PB*    ****    *PB*    ****    
  ****    ****    ****    ****    
      ****    ****    ****    ****
3     ****    ****    ****    ****
      ****    ****    ****    ****
  ****    ****    ****    ****    
2 **** PB *PB* PB **** PB *PB* PB 
  ****    ****    ****    ****    
      ****    ****    ****    ****
1  TB *CB* FB **** KB *FB* CB *TB*
      ****    ****    ****    ****
    A   B   C   D   E   F   G   H

Action (Joueur noir) :   ****    ****    ****    ****    
8 *TN* CN *FN* QN *KN* FN *CN* TN 
  ****    ****    ****    ****    
      ****    ****    ****    ****
7     *PN* PN *PN*    *PN* PN *PN*
      ****    ****    ****    ****
  ****    ****    ****    ****    
6 ****    ****    ****    ****    
  ****    ****    ****    ****    
      ****    ****    ****    ****
5  PN ****    **** PN ****    ****
      ****    ****    ****    ****
  ****    ****    ****    ****    
4 *PB*    ****    *PB*    ****    
  ****    ****    ****    ****    
      ****    ****    ****    ****
3     ****    ****    ****    ****
      ****    ****    ****    ****
  ****    ****    ****    ****    
2 **** PB *PB* PB **** PB *PB* PB 
  ****    ****    ****    ****    
      ****    ****    ****    ****
1  TB *CB* FB *QB* KB *FB* CB *TB*
      ****    ****    ****    ****
    A   B   C   D   E   F   G   H

Action (Joueur blanc) :   ****    ****    ****    ****    
8 *TN* CN *FN* QN *KN* FN *CN* TN 
  ****    ****    ****    ****    
      ****    ****    ****    ****
7  PN *PN* PN *PN*    *PN* PN *PN*
      ****    ****    ****    ****
  ****    ****    ****    ****    
6 ****    ****    ****    ****    
  ****    ****    ****    ****    
      ****    ****    ****    ****
5     ****    **** PN ****    ****
      ****    ****    ****    ****
  ****    ****    ****    ****    
4 *PB*    ****    *PB*    ****    
  ****    ****    ****    ****    
      ****    ****    ****    ****
3     ****    ****    ****    ****
      ****    ****    ****    ****
  ****    ****    ****    ****    
2 **** PB *PB* PB **** PB *PB* PB 
  ****    ****    ****    ****    
      ****    ****    ****    ****
1  TB *CB* FB *QB* KB *FB* CB *TB*
      ****    ****    ****    ****
    A   B   C   D   E   F   G   H

Action (Joueur noir) :   ****    ****    ****    ****    
8 *TN* CN *FN* QN *KN* FN *CN* TN 
  ****    ****    ****    ****    
      ****    ****    ****    ****
7  PN *PN* PN *PN*    *PN* PN *PN*
      ****    ****    ****    ****
  ****    ****    ****    ****    
6 ****    ****    ****    ****    
  ****    ****    ****    ****    
      ****    ****    ****    ****
5     ****    **** PN ****    ****
      ****    ****    ****    ****
  ****    ****    ****    ****    
4 ****    ****    *PB*    ****    
  ****    ****    ****    ****    
      ****    ****    ****    ****
3     ****    ****    ****    ****
      ****    ****    ****    ****
  ****    ****    ****    ****    
2 *PB* PB *PB* PB **** PB *PB* PB 
  ****    ****    ****    ****    
      ****    ****    ****    ****
1  TB *CB* FB *QB* KB *FB* CB *TB*
      ****    ****    ****    ****
    A   B   C   D   E   F   G   H

Action (Joueur blanc) :   ****    ****    ****    ****    
8 *TN* CN *FN* QN *KN* FN *CN* TN 
  ****    ****    ****    ****    
      ****    ****    ****    ****
7  PN *PN* PN *PN* PN *PN* PN *PN*
      ****    ****    ****    ****
  ****    ****    ****    ****    
6 ****    ****    ****    ****    
  ****    ****    ****    ****    
      ****    ****    ****    ****
5     ****    ****    ****    ****
      ****    ****    ****    ****
  ****    ****    ****    ****    
4 ****    ****    *PB*    ****    
  ****    ****    ****    ****    
      ****    ****    ****    ****
3     ****    ****    ****    ****
      ****    ****    ****    ****
  ****    ****    ****    ****    
2 *PB* PB *PB* PB **** PB *PB* PB 
  ****    ****    ****    ****    
      ****    ****    ****    ****
1  TB *CB* FB *QB* KB *FB* CB *TB*
      ****    ****    ****    ****
    A   B   C   D   E   F   G   H

Action (Joueur noir) :   ****    ****    ****    ****    
8 *TN* CN *FN* QN *KN* FN *CN* TN 
  ****    ****    ****    ****    
      ****    ****    ****    ****
7  PN *PN* PN *PN* PN *PN* PN *PN*
      ****    ****    ****    ****
  ****    ****    ****    ****    
6 ****    ****    ****    ****    
  ****    ****    ****    ****    
      ****    ****    ****    ****
5     ****    ****    ****    ****
      ****    ****    ****    ****
  ****    ****    ****    ****    
4 ****    ****    ****    ****    
  ****    ****    ****    ****    
      ****    ****    ****    ****
3     ****    ****    ****    ****
      ****    ****    ****    ****
  ****    ****    ****    ****    
2 *PB* PB *PB* PB *PB* PB *PB* PB 
  ****    ****    ****    ****    
      ****    ****    ****    ****
1  TB *CB* FB *QB* KB *FB* CB *TB*
      ****    ****    ****    ****
    A   B   C   D   E   F   G   H

Action (Joueur blanc) : No moves recorded
  ****    ****    ****    ****    
8 *TN* CN *FN* QN *KN* FN *CN* TN 
  ****    ****    ****    ****    
      ****    ****    ****    ****
7  PN *PN* PN *PN* PN *PN* PN *PN*
      ****    ****    ****    ****
  ****    ****    ****    ****    
6 ****    ****    ****    ****    
  ****    ****    ****    ****    
      ****    ****    ****    ****
5     ****    ****    ****    ****
      ****    ****    ****    ****
  ****    ****    ****    ****    
4 ****    ****    ****    ****    
  ****    ****    ****    ****    
      ****    ****    ****    ****
3     ****    ****    ****    ****
      ****    ****    ****    ****
  ****    ****    ****    ****    
2 *PB* PB *PB* PB *PB* PB *PB* PB 
  ****    ****    ****    ****    
      ****    ****    ****    ****
1  TB *CB* FB *QB* KB *FB* CB *TB*
      ****    ****    ****    ****
    A   B   C   D   E   F   G   H

Action (Joueur blanc) : No moves recorded
  ****    ****    ****    ****    
8 *TN* CN *FN* QN *KN* FN *CN* TN 
  ****    ****    ****    ****    
      ****    ****    ****    ****
7  PN *PN* PN *PN* PN *PN* PN *PN*
      ****    ****    ****    ****
  ****    ****    ****    ****    
6 ****    ****    ****    ****    
  ****    ****    ****    ****    
      ****    ****    ****    ****
5     ****    ****    ****    ****
      ****    ****    ****    ****
  ****    ****    ****    ****    
4 ****    ****    ****    ****    
  ****    ****    ****    ****    
      ****    ****    ****    ****
3     ****    ****    ****    ****
      ****    ****    ****    ****
  ****    ****    ****    ****    
2 *PB* PB *PB* PB *PB* PB *PB* PB 
  ****    ****    ****    ****    
      ****    ****    ****    ****
1  TB *CB* FB *QB* KB *FB* CB *TB*
      ****    ****    ****    ****
    A   B   C   D   E   F   G   H

Action (Joueur blanc) : No moves recorded
  ****    ****    ****    ****    
8 *TN* CN *FN* QN *KN* FN *CN* TN 
  ****    ****    ****    ****    
      ****    ****    ****    ****
7  PN *PN* PN *PN* PN *PN* PN *PN*
      ****    ****    ****    ****
  ****    ****    ****    ****    
6 ****    ****    ****    ****    
  ****    ****    ****    ****    
      ****    ****    ****    ****
5     ****    ****    ****    ****
      ****    ****    ****    ****
  ****    ****    ****    ****    
4 ****    ****    ****    ****    
  ****    ****    ****    ****    
      ****    ****    ****    ****
3     ****    ****    ****    ****
      ****    ****    ****    ****
  ****    ****    ****    ****    
2 *PB* PB *PB* PB *PB* PB *PB* PB 
  ****    ****    ****    ****    
      ****    ****    ****    ****
1  TB *CB* FB *QB* KB *FB* CB *TB*
      ****    ****    ****    ****
    A   B   C   D   E   F   G   H

Action (Joueur blanc) : No moves recorded
  ****    ****    ****    ****    
8 *TN* CN *FN* QN *KN* FN *CN* TN 
  ****    ****    ****    ****    
      ****    ****    ****    ****
7  PN *PN* PN *PN* PN *PN* PN *PN*
      ****    ****    ****    ****
  ****    ****    ****    ****    
6 ****    ****    ****    ****    
  ****    ****    ****    ****    
      ****    ****    ****    ****
5     ****    ****    ****    ****
      ****    ****    ****    ****
  ****    ****    ****    ****    
4 ****    ****    ****    ****    
  ****    ****    ****    ****    
      ****    ****    ****    ****
3     ****    ****    ****    ****
      ****    ****    ****    ****
  ****    ****    ****    ****    
2 *PB* PB *PB* PB *PB* PB *PB* PB 
  ****    ****    ****    ****    
      ****    ****    ****    ****
1  TB *CB* FB *QB* KB *FB* CB *TB*
      ****    ****    ****    ****
    A   B   C   D   E   F   G   H

Action (Joueur blanc) : Exiting ...
