  ****    ****    ****    ****    
8 *TN* CN *FN* QN *KN* FN *CN* TN 
  ****    ****    ****    ****    
      ****    ****    ****    ****
7  PN *PN* PN *PN* PN *PN* PN *PN*
      ****    ****    ****    ****
  ****    ****    ****    ****    
6 ****    ****    ****    ****    
  ****    ****    ****    ****    
      ****    ****    ****    ****
5     ****    ****    ****    ****
      ****    ****    ****    ****
  ****    ****    ****    ****    
4 ****    ****    ****    ****    
  ****    ****    ****    ****    
      ****    ****    ****    ****
3     ****    ****    ****    ****
      ****    ****    ****    ****
  ****    ****    ****    ****    
2 *PB* PB *PB* PB *PB* PB *PB* PB 
  ****    ****    ****    ****    
      ****    ****    ****    ****
1  TB *CB* FB *QB* KB *FB* CB *TB*
      ****    ****    ****    ****
    A   B   C   D   E   F   G   H

Action (Joueur blanc) : Case non valide
  ****    ****    ****    ****    
8 *TN* CN *FN* QN *KN* FN *CN* TN 
  ****    ****    ****    ****    
      ****    ****    ****    ****
7  PN *PN* PN *PN* PN *PN* PN *PN*
      ****    ****    ****    ****
  ****    ****    ****    ****    
6 ****    ****    ****    ****    
  ****    ****    ****    ****    
      ****    ****    ****    ****
5     ****    ****    ****    ****
      ****    ****    ****    ****
  ****    ****    ****    ****    
4 ****    ****    ****    ****    
  ****    ****    ****    ****    
      ****    ****    ****    ****
3     ****    ****    ****    ****
      ****    ****    ****    ****
  ****    ****    ****    ****    
2 *PB* PB *PB* PB *PB* PB *PB* PB 
  ****    ****    ****    ****    
      ****    ****    ****    ****
1  TB *CB* FB *QB* KB *FB* CB *TB*
      ****    ****    ****    ****
    A   B   C   D   E   F   G   H

Action (Joueur blanc) : Case non valide
  ****    ****    ****    ****    
8 *TN* CN *FN* QN *KN* FN *CN* TN 
  ****    ****    ****    ****    
      ****    ****    ****    ****
7  PN *PN* PN *PN* PN *PN* PN *PN*
      ****    ****    ****    ****
  ****    ****    ****    ****    
6 ****    ****    ****    ****    
  ****    ****    ****    ****    
      ****    ****    ****    ****
5     ****    ****    ****    ****
      ****    ****    ****    ****
  ****    ****    ****    ****    
4 ****    ****    ****    ****    
  ****    ****    ****    ****    
      ****    ****    ****    ****
3     ****    ****    ****    ****
      ****    ****    ****    ****
  ****    ****    ****    ****    
2 *PB* PB *PB* PB *PB* PB *PB* PB 
  ****    ****    ****    ****    
      ****    ****    ****    ****
1  TB *CB* FB *QB* KB *FB* CB *TB*
      ****    ****    ****    ****
    A   B   C   D   E   F   G   H

Action (Joueur blanc) :   ****    ****    ****    ****    
8 *TN* CN *FN* QN *KN* FN *CN* TN 
  ****    ****    ****    ****    
      ****    ****    ****    ****
7  PN *PN* PN *PN* PN *PN* PN *PN*
      ****    ****    ****    ****
  ****    ****    ****    ****    
6 ****    ****    ****    ****    
  ****    ****    ****    ****    
      ****    ****    ****    ****
5     ****    ****    ****    ****
      ****    ****    ****    ****
  ****    ****    ****    ****    
4 ****    ****    ****    ****    
  ****    ****    ****    ****    
      ****    ****    ++++    ++++
3     ****    ****    ++++    ++++
      ****    ****    ++++    ++++
  ****    ****    ****    ****    
2 *PB* PB *PB* PB *PB* PB *PB* PB 
  ****    ****    ****    ****    
      ****    ****    ****    ****
1  TB *CB* FB *QB* KB *FB* CB *TB*
      ****    ****    ****    ****
    A   B   C   D   E   F   G   H

Action (Joueur blanc) :   ****    ****    ****    ****    
8 *TN* CN *FN* QN *KN* FN *CN* TN 
  ****    ****    ****    ****    
      ****    ****    ****    ****
7  PN *PN* PN *PN* PN *PN* PN *PN*
      ****    ****    ****    ****
  ****    ****    ****    ****    
6 ****    ****    ****    ****    
  ****    ****    ****    ****    
      ****    ****    ****    ****
5     ****    ****    ****    ****
      ****    ****    ****    ****
  ****    ****    ****    ****    
4 ****    ****    ****    ****    
  ****    ****    ****    ****    
      ****    ****    ****    ****
3     ****    ****    *CB*    ****
      ****    ****    ****    ****
  ****    ****    ****    ****    
2 *PB* PB *PB* PB *PB* PB *PB* PB 
  ****    ****    ****    ****    
      ****    ****    ****    ****
1  TB *CB* FB *QB* KB *FB*    *TB*
      ****    ****    ****    ****
    A   B   C   D   E   F   G   H

Action (Joueur noir) :   ****    ****    ****    ****    
8 *TN* CN *FN* QN *KN* FN *CN* TN 
  ****    ****    ****    ****    
      ****    ****    ****    ****
7  PN *PN* PN *PN* PN *PN* PN *PN*
      ****    ****    ****    ****
  ****    ****    ****++++****++++
6 ****    ****    ****++++****++++
  ****    ****    ****++++****++++
      ****    ****    ****    ****
5     ****    ****    ****    ****
      ****    ****    ****    ****
  ****    ****    ****    ****    
4 ****    ****    ****    ****    
  ****    ****    ****    ****    
      ****    ****    ****    ****
3     ****    ****    *CB*    ****
      ****    ****    ****    ****
  ****    ****    ****    ****    
2 *PB* PB *PB* PB *PB* PB *PB* PB 
  ****    ****    ****    ****    
      ****    ****    ****    ****
1  TB *CB* FB *QB* KB *FB*    *TB*
      ****    ****    ****    ****
    A   B   C   D   E   F   G   H

Action (Joueur noir) :   ****    ****    ****    ****    
8 *TN* CN *FN* QN *KN* FN **** TN 
  ****    ****    ****    ****    
      ****    ****    ****    ****
7  PN *PN* PN *PN* PN *PN* PN *PN*
      ****    ****    ****    ****
  ****    ****    ****    ****    
6 ****    ****    **** CN ****    
  ****    ****    ****    ****    
      ****    ****    ****    ****
5     ****    ****    ****    ****
      ****    ****    ****    ****
  ****    ****    ****    ****    
4 ****    ****    ****    ****    
  ****    ****    ****    ****    
      ****    ****    ****    ****
3     ****    ****    *CB*    ****
      ****    ****    ****    ****
  ****    ****    ****    ****    
2 *PB* PB *PB* PB *PB* PB *PB* PB 
  ****    ****    ****    ****    
      ****    ****    ****    ****
1  TB *CB* FB *QB* KB *FB*    *TB*
      ****    ****    ****    ****
    A   B   C   D   E   F   G   H

Action (Joueur blanc) :   ****    ****    ****    ****    
8 *TN* CN *FN* QN *KN* FN **** TN 
  ****    ****    ****    ****    
      ****    ****    ****    ****
7  PN *PN* PN *PN* PN *PN* PN *PN*
      ****    ****    ****    ****
  ****    ****    ****    ****    
6 ****    ****    **** CN ****    
  ****    ****    ****    ****    
      ****    ****    ****    ****
5     ****    ****    ****    ****
      ****    ****    ****    ****
  ****    ****    ****    ****++++
4 ****    ****    ****    ****++++
  ****    ****    ****    ****++++
      ****    ****    ****    ++++
3     ****    ****    *CB*    ++++
      ****    ****    ****    ++++
  ****    ****    ****    ****    
2 *PB* PB *PB* PB *PB* PB *PB* PB 
  ****    ****    ****    ****    
      ****    ****    ****    ****
1  TB *CB* FB *QB* KB *FB*    *TB*
      ****    ****    ****    ****
    A   B   C   D   E   F   G   H

Action (Joueur blanc) :   ****    ****    ****    ****    
8 *TN* CN *FN* QN *KN* FN **** TN 
  ****    ****    ****    ****    
      ****    ****    ****    ****
7  PN *PN* PN *PN* PN *PN* PN *PN*
      ****    ****    ****    ****
  ****    ****    ****    ****    
6 ****    ****    **** CN ****    
  ****    ****    ****    ****    
      ****    ****    ****    ****
5     ****    ****    ****    ****
      ****    ****    ****    ****
  ****    ****    ****    ****    
4 ****    ****    ****    **** PB 
  ****    ****    ****    ****    
      ****    ****    ****    ****
3     ****    ****    *CB*    ****
      ****    ****    ****    ****
  ****    ****    ****    ****    
2 *PB* PB *PB* PB *PB* PB *PB*    
  ****    ****    ****    ****    
      ****    ****    ****    ****
1  TB *CB* FB *QB* KB *FB*    *TB*
      ****    ****    ****    ****
    A   B   C   D   E   F   G   H

Action (Joueur noir) :   ****    ****    ****    ****    
8 *TN* CN *FN* QN *KN* FN **** TN 
  ****    ****    ****    ****    
      ****    ****    ****    ****
7  PN *PN* PN *PN* PN *PN* PN *PN*
      ****    ****    ****    ****
  ****    ****    ****    ****++++
6 ****    ****    **** CN ****++++
  ****    ****    ****    ****++++
      ****    ****    ****    ++++
5     ****    ****    ****    ++++
      ****    ****    ****    ++++
  ****    ****    ****    ****    
4 ****    ****    ****    **** PB 
  ****    ****    ****    ****    
      ****    ****    ****    ****
3     ****    ****    *CB*    ****
      ****    ****    ****    ****
  ****    ****    ****    ****    
2 *PB* PB *PB* PB *PB* PB *PB*    
  ****    ****    ****    ****    
      ****    ****    ****    ****
1  TB *CB* FB *QB* KB *FB*    *TB*
      ****    ****    ****    ****
    A   B   C   D   E   F   G   H

Action (Joueur noir) :   ****    ****    ****    ****    
8 *TN* CN *FN* QN *KN* FN **** TN 
  ****    ****    ****    ****    
      ****    ****    ****    ****
7  PN *PN* PN *PN* PN *PN* PN ****
      ****    ****    ****    ****
  ****    ****    ****    ****    
6 ****    ****    **** CN ****    
  ****    ****    ****    ****    
      ****    ****    ****    ****
5     ****    ****    ****    *PN*
      ****    ****    ****    ****
  ****    ****    ****    ****    
4 ****    ****    ****    **** PB 
  ****    ****    ****    ****    
      ****    ****    ****    ****
3     ****    ****    *CB*    ****
      ****    ****    ****    ****
  ****    ****    ****    ****    
2 *PB* PB *PB* PB *PB* PB *PB*    
  ****    ****    ****    ****    
      ****    ****    ****    ****
1  TB *CB* FB *QB* KB *FB*    *TB*
      ****    ****    ****    ****
    A   B   C   D   E   F   G   H

Action (Joueur blanc) :   ****    ****    ****    ****    
8 *TN* CN *FN* QN *KN* FN **** TN 
  ****    ****    ****    ****    
      ****    ****    ****    ****
7  PN *PN* PN *PN* PN *PN* PN ****
      ****    ****    ****    ****
  ****    ****    ****    ****    
6 ****    ****    **** CN ****    
  ****    ****    ****    ****    
      ****    ****    ****    ****
5     ****    ****    ****    *PN*
      ****    ****    ****    ****
  ****    ****    ****    ****    
4 ****    ****    ****    **** PB 
  ****    ****    ****    ****    
      ****    ****    ****    ++++
3     ****    ****    *CB*    ++++
      ****    ****    ****    ++++
  ****    ****    ****    ****++++
2 *PB* PB *PB* PB *PB* PB *PB*++++
  ****    ****    ****    ****++++
      ****    ****    ****++++****
1  TB *CB* FB *QB* KB *FB*++++*TB*
      ****    ****    ****++++****
    A   B   C   D   E   F   G   H

Action (Joueur blanc) :   ****    ****    ****    ****    
8 *TN* CN *FN* QN *KN* FN **** TN 
  ****    ****    ****    ****    
      ****    ****    ****    ****
7  PN *PN* PN *PN* PN *PN* PN ****
      ****    ****    ****    ****
  ****    ****    ****    ****    
6 ****    ****    **** CN ****    
  ****    ****    ****    ****    
      ****    ****    ****    ****
5     ****    ****    ****    *PN*
      ****    ****    ****    ****
  ****    ****    ****    ****    
4 ****    ****    ****    **** PB 
  ****    ****    ****    ****    
      ****    ****    ****    ****
3     ****    ****    *CB*    *TB*
      ****    ****    ****    ****
  ****    ****    ****    ****    
2 *PB* PB *PB* PB *PB* PB *PB*    
  ****    ****    ****    ****    
      ****    ****    ****    ****
1  TB *CB* FB *QB* KB *FB*    ****
      ****    ****    ****    ****
    A   B   C   D   E   F   G   H

Action (Joueur noir) :   ****    ****    ****    ++++    
8 *TN* CN *FN* QN *KN* FN ++++ TN 
  ****    ****    ****    ++++    
      ****    ****    ****    ++++
7  PN *PN* PN *PN* PN *PN* PN ++++
      ****    ****    ****    ++++
  ****    ****    ****    ****++++
6 ****    ****    **** CN ****++++
  ****    ****    ****    ****++++
      ****    ****    ****    ****
5     ****    ****    ****    *PN*
      ****    ****    ****    ****
  ****    ****    ****    ****    
4 ****    ****    ****    **** PB 
  ****    ****    ****    ****    
      ****    ****    ****    ****
3     ****    ****    *CB*    *TB*
      ****    ****    ****    ****
  ****    ****    ****    ****    
2 *PB* PB *PB* PB *PB* PB *PB*    
  ****    ****    ****    ****    
      ****    ****    ****    ****
1  TB *CB* FB *QB* KB *FB*    ****
      ****    ****    ****    ****
    A   B   C   D   E   F   G   H

Action (Joueur noir) :   ****    ****    ****    ****    
8 *TN* CN *FN* QN *KN* FN ****    
  ****    ****    ****    ****    
      ****    ****    ****    ****
7  PN *PN* PN *PN* PN *PN* PN ****
      ****    ****    ****    ****
  ****    ****    ****    ****    
6 ****    ****    **** CN **** TN 
  ****    ****    ****    ****    
      ****    ****    ****    ****
5     ****    ****    ****    *PN*
      ****    ****    ****    ****
  ****    ****    ****    ****    
4 ****    ****    ****    **** PB 
  ****    ****    ****    ****    
      ****    ****    ****    ****
3     ****    ****    *CB*    *TB*
      ****    ****    ****    ****
  ****    ****    ****    ****    
2 *PB* PB *PB* PB *PB* PB *PB*    
  ****    ****    ****    ****    
      ****    ****    ****    ****
1  TB *CB* FB *QB* KB *FB*    ****
      ****    ****    ****    ****
    A   B   C   D   E   F   G   H

Action (Joueur blanc) :   ****    ****    ****    ****    
8 *TN* CN *FN* QN *KN* FN **** TN 
  ****    ****    ****    ****    
      ****    ****    ****    ****
7  PN *PN* PN *PN* PN *PN* PN ****
      ****    ****    ****    ****
  ****    ****    ****    ****    
6 ****    ****    **** CN ****    
  ****    ****    ****    ****    
      ****    ****    ****    ****
5     ****    ****    ****    *PN*
      ****    ****    ****    ****
  ****    ****    ****    ****    
4 ****    ****    ****    **** PB 
  ****    ****    ****    ****    
      ****    ****    ****    ****
3     ****    ****    *CB*    *TB*
      ****    ****    ****    ****
  ****    ****    ****    ****    
2 *PB* PB *PB* PB *PB* PB *PB*    
  ****    ****    ****    ****    
      ****    ****    ****    ****
1  TB *CB* FB *QB* KB *FB*    ****
      ****    ****    ****    ****
    A   B   C   D   E   F   G   H

Action (Joueur noir) :   ****    ****    ****    ****    
8 *TN* CN *FN* QN *KN* FN **** TN 
  ****    ****    ****    ****    
      ****    ****    ****    ****
7  PN *PN* PN *PN* PN *PN* PN ****
      ****    ****    ****    ****
  ****    ****    ****    ****    
6 ****    ****    **** CN ****    
  ****    ****    ****    ****    
      ****    ****    ****    ****
5     ****    ****    ****    *PN*
      ****    ****    ****    ****
  ****    ****    ****    ****    
4 ****    ****    ****    **** PB 
  ****    ****    ****    ****    
      ****    ****    ****    ****
3     ****    ****    *CB*    ****
      ****    ****    ****    ****
  ****    ****    ****    ****    
2 *PB* PB *PB* PB *PB* PB *PB*    
  ****    ****    ****    ****    
      ****    ****    ****    ****
1  TB *CB* FB *QB* KB *FB*    *TB*
      ****    ****    ****    ****
    A   B   C   D   E   F   G   H

Action (Joueur blanc) :   ****    ****    ****    ****    
8 *TN* CN *FN* QN *KN* FN **** TN 
  ****    ****    ****    ****    
      ****    ****    ****    ****
7  PN *PN* PN *PN* PN *PN* PN *PN*
      ****    ****    ****    ****
  ****    ****    ****    ****    
6 ****    ****    **** CN ****    
  ****    ****    ****    ****    
      ****    ****    ****    ****
5     ****    ****    ****    ****
      ****    ****    ****    ****
  ****    ****    ****    ****    
4 ****    ****    ****    **** PB 
  ****    ****    ****    ****    
      ****    ****    ****    ****
3     ****    ****    *CB*    ****
      ****    ****    ****    ****
  ****    ****    ****    ****    
2 *PB* PB *PB* PB *PB* PB *PB*    
  ****    ****    ****    ****    
      ****    ****    ****    ****
1  TB *CB* FB *QB* KB *FB*    *TB*
      ****    ****    ****    ****
    A   B   C   D   E   F   G   H

Action (Joueur noir) :   ****    ****    ****    ****    
8 *TN* CN *FN* QN *KN* FN **** TN 
  ****    ****    ****    ****    
      ****    ****    ****    ****
7  PN *PN* PN *PN* PN *PN* PN *PN*
      ****    ****    ****    ****
  ****    ****    ****    ****    
6 ****    ****    **** CN ****    
  ****    ****    ****    ****    
      ****    ****    ****    ****
5     ****    ****    ****    ****
      ****    ****    ****    ****
  ****    ****    ****    ****    
4 ****    ****    ****    ****    
  ****    ****    ****    ****    
      ****    ****    ****    ****
3     ****    ****    *CB*    ****
      ****    ****    ****    ****
  ****    ****    ****    ****    
2 *PB* PB *PB* PB *PB* PB *PB* PB 
  ****    ****    ****    ****    
      ****    ****    ****    ****
1  TB *CB* FB *QB* KB *FB*    *TB*
      ****    ****    ****    ****
    A   B   C   D   E   F   G   H

Action (Joueur blanc) :   ****    ****    ****    ****    
8 *TN* CN *FN* QN *KN* FN *CN* TN 
  ****    ****    ****    ****    
      ****    ****    ****    ****
7  PN *PN* PN *PN* PN *PN* PN *PN*
      ****    ****    ****    ****
  ****    ****    ****    ****    
6 ****    ****    ****    ****    
  ****    ****    ****    ****    
      ****    ****    ****    ****
5     ****    ****    ****    ****
      ****    ****    ****    ****
  ****    ****    ****    ****    
4 ****    ****    ****    ****    
  ****    ****    ****    ****    
      ****    ****    ****    ****
3     ****    ****    *CB*    ****
      ****    ****    ****    ****
  ****    ****    ****    ****    
2 *PB* PB *PB* PB *PB* PB *PB* PB 
  ****    ****    ****    ****    
      ****    ****    ****    ****
1  TB *CB* FB *QB* KB *FB*    *TB*
      ****    ****    ****    ****
    A   B   C   D   E   F   G   H

Action (Joueur noir) :   ****    ****    ****    ****    
8 *TN* CN *FN* QN *KN* FN *CN* TN 
  ****    ****    ****    ****    
      ****    ****    ****    ****
7  PN *PN* PN *PN* PN *PN* PN *PN*
      ****    ****    ****    ****
  ****    ****    ****    ****    
6 ****    ****    ****    ****    
  ****    ****    ****    ****    
      ****    ****    ****    ****
5     ****    ****    ****    ****
      ****    ****    ****    ****
  ****    ****    ****    ****    
4 ****    ****    ****    ****    
  ****    ****    ****    ****    
      ****    ****    ****    ****
3     ****    ****    ****    ****
      ****    ****    ****    ****
  ****    ****    ****    ****    
2 *PB* PB *PB* PB *PB* PB *PB* PB 
  ****    ****    ****    ****    
      ****    ****    ****    ****
1  TB *CB* FB *QB* KB *FB* CB *TB*
      ****    ****    ****    ****
    A   B   C   D   E   F   G   H

Action (Joueur blanc) : No moves recorded
  ****    ****    ****    ****    
8 *TN* CN *FN* QN *KN* FN *CN* TN 
  ****    ****    ****    ****    
      ****    ****    ****    ****
7  PN *PN* PN *PN* PN *PN* PN *PN*
      ****    ****    ****    ****
  ****    ****    ****    ****    
6 ****    ****    ****    ****    
  ****    ****    ****    ****    
      ****    ****    ****    ****
5     ****    ****    ****    ****
      ****    ****    ****    ****
  ****    ****    ****    ****    
4 ****    ****    ****    ****    
  ****    ****    ****    ****    
      ****    ****    ****    ****
3     ****    ****    ****    ****
      ****    ****    ****    ****
  ****    ****    ****    ****    
2 *PB* PB *PB* PB *PB* PB *PB* PB 
  ****    ****    ****    ****    
      ****    ****    ****    ****
1  TB *CB* FB *QB* KB *FB* CB *TB*
      ****    ****    ****    ****
    A   B   C   D   E   F   G   H

Action (Joueur blanc) : No moves recorded
  ****    ****    ****    ****    
8 *TN* CN *FN* QN *KN* FN *CN* TN 
  ****    ****    ****    ****    
      ****    ****    ****    ****
7  PN *PN* PN *PN* PN *PN* PN *PN*
      ****    ****    ****    ****
  ****    ****    ****    ****    
6 ****    ****    ****    ****    
  ****    ****    ****    ****    
      ****    ****    ****    ****
5     ****    ****    ****    ****
      ****    ****    ****    ****
  ****    ****    ****    ****    
4 ****    ****    ****    ****    
  ****    ****    ****    ****    
      ****    ****    ****    ****
3     ****    ****    ****    ****
      ****    ****    ****    ****
  ****    ****    ****    ****    
2 *PB* PB *PB* PB *PB* PB *PB* PB 
  ****    ****    ****    ****    
      ****    ****    ****    ****
1  TB *CB* FB *QB* KB *FB* CB *TB*
      ****    ****    ****    ****
    A   B   C   D   E   F   G   H

Action (Joueur blanc) : Exiting ...
